16:27:07 **** Auto Build of configuration Debug for project test1 ****
make pre-build main-build 
a9-linaro-pre-build-step
' '
'Building file: ../src/helloworld.c'
'Invoking: ARM v7 gcc compiler'
arm-none-eabi-gcc -Wall -O0 -g3 -c -fmessage-length=0 -MT"src/helloworld.o" -mcpu=cortex-a9 -mfpu=vfpv3 -mfloat-abi=hard -I../../test1_bsp/ps7_cortexa9_0/include -MMD -MP -MF"src/helloworld.d" -MT"src/helloworld.o" -o "src/helloworld.o" "../src/helloworld.c"
../src/helloworld.c: In function 'main':
../src/helloworld.c:95:17: warning: initialization from incompatible pointer type
  int *pchandata=chandata;
                 ^
../src/helloworld.c:104:9: warning: unused variable 'start' [-Wunused-variable]
     int start;
         ^
../src/helloworld.c: In function 'FfsSdPolledExample':
../src/helloworld.c:437:11: warning: pointer targets in passing argument 1 of 'sprintf' differ in signedness [-Wpointer-sign]
   sprintf(SourceAddress + count_page * 72, "%8d\t%8d\t%8d\t%8d\t%8d\t%8d\t%8d\t%8d\n",
           ^
In file included from d:\xilinx\sdk\2016.2\gnu\aarch32\nt\gcc-arm-none-eabi\arm-none-eabi\include\stdio.h:29:0,
                 from ../src/helloworld.c:34:
d:\xilinx\sdk\2016.2\gnu\aarch32\nt\gcc-arm-none-eabi\arm-none-eabi\include\stdio.h:221:5: note: expected 'char *' but argument is of type 'u8 *'
 int _EXFUN(sprintf, (char *__restrict, const char *__restrict, ...)
     ^
../src/helloworld.c:446:59: warning: pointer targets in passing argument 1 of 'strlen' differ in signedness [-Wpointer-sign]
    Res = f_write(&fil, (const void*)SourceAddress, strlen(SourceAddress),&NumBytesWritten);
                                                           ^
In file included from d:\xilinx\sdk\2016.2\gnu\aarch32\nt\gcc-arm-none-eabi\arm-none-eabi\include\stdio.h:29:0,
                 from ../src/helloworld.c:34:
d:\xilinx\sdk\2016.2\gnu\aarch32\nt\gcc-arm-none-eabi\arm-none-eabi\include\string.h:33:9: note: expected 'const char *' but argument is of type 'u8 *'
 size_t  _EXFUN(strlen,(const char *));
         ^
../src/helloworld.c:447:28: warning: pointer targets in passing argument 1 of 'strlen' differ in signedness [-Wpointer-sign]
    printf("%d\r\n", strlen(SourceAddress));
                            ^
In file included from d:\xilinx\sdk\2016.2\gnu\aarch32\nt\gcc-arm-none-eabi\arm-none-eabi\include\stdio.h:29:0,
                 from ../src/helloworld.c:34:
d:\xilinx\sdk\2016.2\gnu\aarch32\nt\gcc-arm-none-eabi\arm-none-eabi\include\string.h:33:9: note: expected 'const char *' but argument is of type 'u8 *'
 size_t  _EXFUN(strlen,(const char *));
         ^
../src/helloworld.c:454:12: warning: pointer targets in passing argument 1 of 'strlen' differ in signedness [-Wpointer-sign]
  if(strlen(SourceAddress) != 0)
            ^
In file included from d:\xilinx\sdk\2016.2\gnu\aarch32\nt\gcc-arm-none-eabi\arm-none-eabi\include\stdio.h:29:0,
                 from ../src/helloworld.c:34:
d:\xilinx\sdk\2016.2\gnu\aarch32\nt\gcc-arm-none-eabi\arm-none-eabi\include\string.h:33:9: note: expected 'const char *' but argument is of type 'u8 *'
 size_t  _EXFUN(strlen,(const char *));
         ^
../src/helloworld.c:456:58: warning: pointer targets in passing argument 1 of 'strlen' differ in signedness [-Wpointer-sign]
   Res = f_write(&fil, (const void*)SourceAddress, strlen(SourceAddress),&NumBytesWritten);
                                                          ^
In file included from d:\xilinx\sdk\2016.2\gnu\aarch32\nt\gcc-arm-none-eabi\arm-none-eabi\include\stdio.h:29:0,
                 from ../src/helloworld.c:34:
d:\xilinx\sdk\2016.2\gnu\aarch32\nt\gcc-arm-none-eabi\arm-none-eabi\include\string.h:33:9: note: expected 'const char *' but argument is of type 'u8 *'
 size_t  _EXFUN(strlen,(const char *));
         ^
../src/helloworld.c:457:27: warning: pointer targets in passing argument 1 of 'strlen' differ in signedness [-Wpointer-sign]
   printf("%d\r\n", strlen(SourceAddress));
                           ^
In file included from d:\xilinx\sdk\2016.2\gnu\aarch32\nt\gcc-arm-none-eabi\arm-none-eabi\include\stdio.h:29:0,
                 from ../src/helloworld.c:34:
d:\xilinx\sdk\2016.2\gnu\aarch32\nt\gcc-arm-none-eabi\arm-none-eabi\include\string.h:33:9: note: expected 'const char *' but argument is of type 'u8 *'
 size_t  _EXFUN(strlen,(const char *));
         ^
'Finished building: ../src/helloworld.c'
' '
'Building target: test1.elf'
'Invoking: ARM v7 gcc linker'
arm-none-eabi-gcc -mcpu=cortex-a9 -mfpu=vfpv3 -mfloat-abi=hard -Wl,-build-id=none -specs=Xilinx.spec -Wl,-T -Wl,../src/lscript.ld -L../../test1_bsp/ps7_cortexa9_0/lib -o "test1.elf"  ./src/helloworld.o ./src/platform.o   -Wl,--start-group,-lxil,-lgcc,-lc,--end-group -Wl,--start-group,-lxilffs,-lxil,-lgcc,-lc,--end-group
'Finished building target: test1.elf'
' '
'Invoking: ARM v7 Print Size'
arm-none-eabi-size test1.elf  |tee "test1.elf.size"
   text	   data	    bss	    dec	    hex	filename
  97064	   2636	21957440	22057140	15090b4	test1.elf
'Finished building: test1.elf.size'
' '

16:27:07 Build Finished (took 657ms)

